Map generation completed successfully!
Map size: 144 x 96
Total plots: 13824
Number of plates: 15
Sea level threshold: 0.383
Hill height threshold: 0.086
Peak height threshold: 0.172

Plot type distribution:
Ocean: 8571 (62.0%)
Land: 3704 (26.8%)
Hills: 1050 (7.6%)
Peaks: 499 (3.6%)

Testing climate system integration...
Generating Climate System
Generating Temperature Map
Generating Ocean Currents
Ocean current conservation check:
  Total U: 24397.000654, Average U: 2.846791
  Total V: 1481.862036, Average V: 0.172913
  Ocean tiles: 8570
Generating Rainfall Map
Climate system initialized successfully!
Temperature map generated: Yes
Rainfall map generated: Yes
Wind maps generated: Yes
